// Jest Snapshot v1, https://goo.gl/fbAQLP

exports[`Header matches snapshot 1`] = `
<DocumentFragment>
  .c0 {
  background-color: primary.9 !important;
  display: -webkit-box;
  display: -webkit-flex;
  display: -ms-flexbox;
  display: flex;
  -webkit-box-pack: justify;
  -webkit-justify-content: space-between;
  -ms-flex-pack: justify;
  justify-content: space-between;
  -webkit-align-items: center;
  -webkit-box-align: center;
  -ms-flex-align: center;
  align-items: center;
  padding: 0 12px !important;
}

.c1:hover {
  cursor: pointer;
}

.c2 .ant-badge-count {
  background-color: primary.6;
}

<header
    class="ant-layout-header c0"
  >
    <img
      alt="root:header.aria.logo"
      class="c1"
      src="logo-origami.svg"
    />
    <ul
      class="ant-menu ant-menu-dark ant-menu-root ant-menu-horizontal"
      role="menu"
      style="background-color: rgb(2, 36, 74);"
    >
      <li
        class="ant-menu-submenu ant-menu-submenu-horizontal ant-menu-overflowed-submenu"
        role="menuitem"
        style="display: none;"
      >
        <div
          aria-expanded="false"
          aria-haspopup="true"
          class="ant-menu-submenu-title"
          role="button"
        >
          <span>
            ···
          </span>
          <i
            class="ant-menu-submenu-arrow"
          />
        </div>
      </li>
      <li
        class="ant-menu-item ant-menu-item-only-child ant-menu-item-selected"
        role="menuitem"
      >
        root:header.menu.studies
      </li>
      <li
        class="ant-menu-submenu ant-menu-submenu-horizontal ant-menu-overflowed-submenu"
        role="menuitem"
        style="display: none;"
      >
        <div
          aria-expanded="false"
          aria-haspopup="true"
          class="ant-menu-submenu-title"
          role="button"
        >
          <span>
            ···
          </span>
          <i
            class="ant-menu-submenu-arrow"
          />
        </div>
      </li>
      <li
        class="ant-menu-item ant-menu-item-only-child"
        role="menuitem"
      >
        root:header.menu.toolbox
      </li>
      <li
        class="ant-menu-submenu ant-menu-submenu-horizontal ant-menu-overflowed-submenu"
        role="menuitem"
        style="display: none;"
      >
        <div
          aria-expanded="false"
          aria-haspopup="true"
          class="ant-menu-submenu-title"
          role="button"
        >
          <span>
            ···
          </span>
          <i
            class="ant-menu-submenu-arrow"
          />
        </div>
      </li>
      <li
        class="ant-menu-item ant-menu-item-only-child"
        role="menuitem"
      >
        root:header.menu.settings
      </li>
      <li
        class="ant-menu-submenu ant-menu-submenu-horizontal ant-menu-overflowed-submenu"
        role="menuitem"
        style="display: none;"
      >
        <div
          aria-expanded="false"
          aria-haspopup="true"
          class="ant-menu-submenu-title"
          role="button"
        >
          <span>
            ···
          </span>
          <i
            class="ant-menu-submenu-arrow"
          />
        </div>
      </li>
      <li
        class="ant-menu-item ant-menu-item-only-child"
        role="menuitem"
      >
        <span
          class="ant-badge c2"
        >
          <img
            alt="root:header.aria.notification"
            src="notification.svg"
          />
        </span>
      </li>
      <li
        class="ant-menu-submenu ant-menu-submenu-horizontal ant-menu-overflowed-submenu"
        role="menuitem"
        style="display: none;"
      >
        <div
          aria-expanded="false"
          aria-haspopup="true"
          class="ant-menu-submenu-title"
          role="button"
        >
          <span>
            ···
          </span>
          <i
            class="ant-menu-submenu-arrow"
          />
        </div>
      </li>
      <li
        class="ant-menu-item ant-menu-item-only-child"
        role="menuitem"
      >
        <div
          class="ant-dropdown-trigger"
        >
           
        </div>
      </li>
      <li
        class="ant-menu-submenu ant-menu-submenu-horizontal ant-menu-overflowed-submenu"
        role="menuitem"
        style="visibility: hidden; position: absolute; display: none;"
      >
        <div
          aria-expanded="false"
          aria-haspopup="true"
          class="ant-menu-submenu-title"
          role="button"
        >
          <span>
            ···
          </span>
          <i
            class="ant-menu-submenu-arrow"
          />
        </div>
      </li>
    </ul>
  </header>
</DocumentFragment>
`;
