// Jest Snapshot v1, https://goo.gl/fbAQLP

exports[`Root matches snapshot 1`] = `
<DocumentFragment>
  .c0 {
  width: 100%;
  min-height: 100vh;
  display: -webkit-box;
  display: -webkit-flex;
  display: -ms-flexbox;
  display: flex;
  -webkit-align-items: center;
  -webkit-box-align: center;
  -ms-flex-align: center;
  align-items: center;
  -webkit-box-pack: center;
  -webkit-justify-content: center;
  -ms-flex-pack: center;
  justify-content: center;
}

<div
    class="c0"
    data-testid="__loader__"
  >
    <div
      class="ant-spin ant-spin-lg ant-spin-spinning"
    >
      <span
        class="ant-spin-dot ant-spin-dot-spin"
      >
        <i
          class="ant-spin-dot-item"
        />
        <i
          class="ant-spin-dot-item"
        />
        <i
          class="ant-spin-dot-item"
        />
        <i
          class="ant-spin-dot-item"
        />
      </span>
    </div>
  </div>
</DocumentFragment>
`;
